==> scrypath
    warning: incompatible types given to decorate_result/2:

        decorate_result(
          (&Scrypath.Sync.RelatedEnqueue.enqueue(schema_module, records, fan_out_key, &1)).(
            Scrypath.Config.ensure_oban_ready!(config)
          ),
          config
        )

    given types:

        -none()-, dynamic()

    the 1st argument is empty (often represented as none()), most likely because it is the result of an expression that always fails, such as a `raise` or a previous invalid call. This causes any function called with this value to fail

    where "config" was given the type:

        # type: dynamic()
        # from: lib/scrypath/sync.ex:54:12
        config = Scrypath.Config.resolve!(opts)

    where "fan_out_key" was given the type:

        # type: dynamic()
        # from: lib/scrypath/sync.ex:43:17
        fan_out_key =
          case Keyword.get(opts, :fan_out) do
            x when x === false or x === nil ->
              :erlang.error(ArgumentError.exception("opts[:fan_out] is required"))
        
            x ->
              x
          end

    where "records" was given the type:

        # type: dynamic()
        # from: lib/scrypath/sync.ex:42:35
        records

    where "schema_module" was given the type:

        # type: dynamic()
        # from: lib/scrypath/sync.ex:42:20
        schema_module

    typing violation found at:
    │
 61 │         |> decorate_result(config)
    │            ~
    │
    └─ (scrypath 0.3.15) lib/scrypath/sync.ex:61:12: Scrypath.Sync.sync_related/3

==> scrypath_ops
Nav contract OK: operator-ia.md matches Nav.primary/0
TAP version 13
    error: undefined function find_all/2 (expected ScrypathOpsWeb.Phase174FixtureLiveTest to define such a function or for it to be imported, but none are available)
    │
 47 │     assert length(find_all(failed_sync, "[data-testid='failed-sync-row']")) == 2
    │                   ^^^^^^^^
    │
    └─ test/scrypath_ops_web/live/phase174_fixture_live_test.exs:47:19: ScrypathOpsWeb.Phase174FixtureLiveTest."test standalone routes mount production views over the A-selected fixture"/1


== Compilation error in file test/scrypath_ops_web/live/phase174_fixture_live_test.exs ==
** (CompileError) test/scrypath_ops_web/live/phase174_fixture_live_test.exs: cannot compile module ScrypathOpsWeb.Phase174FixtureLiveTest (errors have been logged)

